// Jest Snapshot v1, https://goo.gl/fbAQLP

exports[`Renders Missions 1`] = `null`;
