// Jest Snapshot v1, https://goo.gl/fbAQLP

exports[`renders My Profile 1`] = `null`;
