// Jest Snapshot v1, https://goo.gl/fbAQLP

exports[`Renders Rockets 1`] = `<section />`;
